// Jest Snapshot v1, https://goo.gl/fbAQLP

exports[`test global style. global style snap shot 1`] = `
"
  html, body {
    height: 100%;
    font-family: 'Fredoka One', Baloo;
    font-size: 16px;
    color: #1d1d1f;
    background-color: #aadff0;
    -webkit-tap-highlight-color: transparent;
    -webkit-touch-callout: none;
    -webkit-user-select: none;
    user-select:none;
  }
  #app {
    height: 100%;
  }
"
`;
