// Jest Snapshot v1, https://goo.gl/fbAQLP

exports[`test home styles match <Container /> snapshot 1`] = `
.c0 {
  display: -webkit-box;
  display: -webkit-flex;
  display: -ms-flexbox;
  display: flex;
  -webkit-box-pack: center;
  -webkit-justify-content: center;
  -ms-flex-pack: center;
  justify-content: center;
  -webkit-flex-wrap: wrap;
  -ms-flex-wrap: wrap;
  flex-wrap: wrap;
  -webkit-align-content: center;
  -ms-flex-line-pack: center;
  align-content: center;
  height: 100%;
  padding: 30px 15px;
  background: #e2e2e2;
  background: -moz-linear-gradient(45deg,#e2e2e2 0%,#dbdbdb 50%,#d1d1d1 51%,#fefefe 100%);
  background: -webkit-linear-gradient(45deg,#e2e2e2 0%,#dbdbdb 50%,#d1d1d1 51%,#fefefe 100%);
  background: linear-gradient(45deg,#e2e2e2 0%,#dbdbdb 50%,#d1d1d1 51%,#fefefe 100%);
  -webkit-filter: progid:DXImageTransform.Microsoft.gradient( startColorstr='#e2e2e2',endColorstr='#fefefe',GradientType=1 );
  filter: progid:DXImageTransform.Microsoft.gradient( startColorstr='#e2e2e2',endColorstr='#fefefe',GradientType=1 );
}

<div
  class="c0"
/>
`;

exports[`test home styles match <Logo /> snapshot 1`] = `
.c0 {
  width: calc((100% - 100px) / 2);
  height: 200px;
  background: url() no-repeat center;
  background-size: contain;
  -webkit-animation: iVXCSc 3s linear infinite;
  animation: iVXCSc 3s linear infinite;
}

@media (min-width:768px) {
  .c0 {
    width: 220px;
  }
}

<div
  class="c0"
/>
`;

exports[`test home styles match <LogoLink /> snapshot 1`] = `
.c0 {
  width: 80px;
  margin: 0 10px;
  position: relative;
}

.c0:before {
  content: '';
  width: 1rem;
  height: 1rem;
  background-color: #62DAFB;
  border-radius: 50%;
  position: absolute;
  left: 0;
  top: calc(50% - 0.5rem);
  -webkit-transition: all 1s ease-in-out;
  transition: all 1s ease-in-out;
  -webkit-animation: KoXpa 1.7s infinite;
  animation: KoXpa 1.7s infinite;
}

@media (min-width:480px) {
  .c0:before {
    width: 2rem;
    height: 2rem;
    top: calc(50% - 1rem);
  }
}

<div
  class="c0"
/>
`;

exports[`test home styles match <Title /> snapshot 1`] = `
.c0 {
  width: 100%;
  font-size: 40px;
  text-align: center;
  padding: 30px 0;
}

<h1
  class="c0"
/>
`;
